// Jest Snapshot v1, https://goo.gl/fbAQLP

exports[`Container should match snapshot 1`] = `
<div
  class="mx-auto max-w-[2520px] px-4 sm:px-2 md:px-10 xl:px-20"
>
  Text
</div>
`;
