// Jest Snapshot v1, https://goo.gl/fbAQLP

exports[`Search should match snapshot 1`] = `
<div
  class="w-full cursor-pointer rounded-full border py-2 shadow-sm transition hover:shadow-md md:w-auto"
  role="search"
>
  <div
    class="flex items-center justify-between"
  >
    <div
      class="px-6 text-sm font-semibold"
    >
      Anywhere
    </div>
    <div
      class="hidden flex-1 border-x px-6 text-center text-sm font-semibold sm:block"
    >
      Any Week
    </div>
    <div
      class="flex items-center gap-3 pl-6 pr-2 text-sm text-gray-600"
    >
      <div
        class="hidden sm:block"
      >
        Add Guests
      </div>
      <div
        class="rounded-full bg-rose-500 p-2 text-white"
      >
        <svg
          fill="currentColor"
          height="1em"
          role="img"
          stroke="currentColor"
          stroke-width="0"
          viewBox="0 0 24 24"
          width="1em"
          xmlns="http://www.w3.org/2000/svg"
        >
          <path
            d="M10 18a7.952 7.952 0 0 0 4.897-1.688l4.396 4.396 1.414-1.414-4.396-4.396A7.952 7.952 0 0 0 18 10c0-4.411-3.589-8-8-8s-8 3.589-8 8 3.589 8 8 8zm0-14c3.309 0 6 2.691 6 6s-2.691 6-6 6-6-2.691-6-6 2.691-6 6-6z"
          />
        </svg>
      </div>
    </div>
  </div>
</div>
`;
